// Jest Snapshot v1, https://goo.gl/fbAQLP

exports[`Pruebas en GifItem debe hacer match con snapshot 1`] = `
<div>
  <div
    class="card"
  >
    <img
      alt="Messi"
      src="https://youtube.com/"
    />
    <p>
      Messi
    </p>
  </div>
</div>
`;
